2024-03-07;23:54:28;/Applications/XAMPP/xamppfiles/htdocs/myProjects/PV/src/Model/AbstractModel.php <br />line: 43;SQLSTATE[HY000] [1049] Unknown database 'pv1'
2024-03-07;23:54:30;/Applications/XAMPP/xamppfiles/htdocs/myProjects/PV/src/Model/AbstractModel.php <br />line: 43;SQLSTATE[HY000] [1049] Unknown database 'pv1'
2024-03-08;00:46:19;/Applications/XAMPP/xamppfiles/htdocs/myProjects/PV/src/Model/AbstractModel.php <br />line: 43;SQLSTATE[HY000] [1049] Unknown database 'p1v'
2024-03-08;00:46:21;/Applications/XAMPP/xamppfiles/htdocs/myProjects/PV/src/Model/AbstractModel.php <br />line: 43;SQLSTATE[HY000] [1049] Unknown database 'p1v'
2024-03-08;00:46:22;/Applications/XAMPP/xamppfiles/htdocs/myProjects/PV/src/Model/AbstractModel.php <br />line: 43;SQLSTATE[HY000] [1049] Unknown database 'p1v'2024-03-08;01:19:17;/Applications/XAMPP/xamppfiles/htdocs/myProjects/PV/src/Model/PriceModel.php <br />line: 80;SQLSTATE[42000]: Syntax error or access violation: 1064 You have an error in your SQL syntax; check the manual that corresponds to your MariaDB server version for the right syntax to use near '' at line 2
2024-03-08;01:19:19;/Applications/XAMPP/xamppfiles/htdocs/myProjects/PV/src/Model/PriceModel.php <br />line: 24;SQLSTATE[42000]: Syntax error or access violation: 1064 You have an error in your SQL syntax; check the manual that corresponds to your MariaDB server version for the right syntax to use near 'ORDER BY hour ASC' at line 1
2024-03-08;01:19:20;/Applications/XAMPP/xamppfiles/htdocs/myProjects/PV/src/Model/PriceModel.php <br />line: 24;SQLSTATE[42000]: Syntax error or access violation: 1064 You have an error in your SQL syntax; check the manual that corresponds to your MariaDB server version for the right syntax to use near 'ORDER BY hour ASC' at line 1
2024-03-08;01:20:41;/Applications/XAMPP/xamppfiles/htdocs/myProjects/PV/src/Model/PriceModel.php <br />line: 24;SQLSTATE[42000]: Syntax error or access violation: 1064 You have an error in your SQL syntax; check the manual that corresponds to your MariaDB server version for the right syntax to use near 'ORDER BY hour ASC' at line 1
2024-03-08;01:20:43;/Applications/XAMPP/xamppfiles/htdocs/myProjects/PV/src/Model/PriceModel.php <br />line: 24;SQLSTATE[42000]: Syntax error or access violation: 1064 You have an error in your SQL syntax; check the manual that corresponds to your MariaDB server version for the right syntax to use near 'ORDER BY hour ASC' at line 1
2024-03-08;01:20:49;/Applications/XAMPP/xamppfiles/htdocs/myProjects/PV/src/Model/PriceModel.php <br />line: 80;SQLSTATE[42000]: Syntax error or access violation: 1064 You have an error in your SQL syntax; check the manual that corresponds to your MariaDB server version for the right syntax to use near '' at line 2
2024-03-08;01:20:50;/Applications/XAMPP/xamppfiles/htdocs/myProjects/PV/src/Model/PriceModel.php <br />line: 24;SQLSTATE[42000]: Syntax error or access violation: 1064 You have an error in your SQL syntax; check the manual that corresponds to your MariaDB server version for the right syntax to use near 'ORDER BY hour ASC' at line 1
2024-03-08;01:39:56;/Applications/XAMPP/xamppfiles/htdocs/myProjects/PV/src/Model/PriceModel.php <br />line: 24;SQLSTATE[42000]: Syntax error or access violation: 1064 You have an error in your SQL syntax; check the manual that corresponds to your MariaDB server version for the right syntax to use near 'ORDER BY hour ASC' at line 1
2024-03-10;21:05:59;/Applications/XAMPP/xamppfiles/htdocs/myProjects/PV/src/Model/UsersModel.php <br />line: 24;SQLSTATE[42S22]: Column not found: 1054 Unknown column 'role' in 'field list'
2024-03-10;21:06:03;/Applications/XAMPP/xamppfiles/htdocs/myProjects/PV/src/Model/UsersModel.php <br />line: 24;SQLSTATE[42S22]: Column not found: 1054 Unknown column 'role' in 'field list'
2024-03-10;21:06:07;/Applications/XAMPP/xamppfiles/htdocs/myProjects/PV/src/Model/UsersModel.php <br />line: 24;SQLSTATE[42S22]: Column not found: 1054 Unknown column 'role' in 'field list'
2024-03-10;21:06:19;/Applications/XAMPP/xamppfiles/htdocs/myProjects/PV/src/Model/UsersModel.php <br />line: 24;SQLSTATE[42S22]: Column not found: 1054 Unknown column 'role' in 'field list'
2024-03-10;21:06:38;/Applications/XAMPP/xamppfiles/htdocs/myProjects/PV/src/Model/UsersModel.php <br />line: 24;SQLSTATE[42S22]: Column not found: 1054 Unknown column 'role' in 'field list'
2024-03-10;21:08:31;/Applications/XAMPP/xamppfiles/htdocs/myProjects/PV/src/Model/UsersModel.php <br />line: 24;SQLSTATE[42S22]: Column not found: 1054 Unknown column 'role' in 'field list'
2024-03-10;21:08:44;/Applications/XAMPP/xamppfiles/htdocs/myProjects/PV/src/Model/UsersModel.php <br />line: 24;SQLSTATE[42S22]: Column not found: 1054 Unknown column 'role' in 'field list'
2024-03-10;21:08:47;/Applications/XAMPP/xamppfiles/htdocs/myProjects/PV/src/Model/UsersModel.php <br />line: 24;SQLSTATE[42S22]: Column not found: 1054 Unknown column 'role' in 'field list'
2024-03-11;15:47:23;/Applications/XAMPP/xamppfiles/htdocs/myProjects/PV/src/Model/PriceModel.php <br />line: 72;SQLSTATE[42S02]: Base table or view not found: 1146 Table 'pv.prices1' doesn't exist
2024-03-11;16:01:38;/Applications/XAMPP/xamppfiles/htdocs/myProjects/PV/src/Model/UsersModel.php <br />line: 22;SQLSTATE[42S22]: Column not found: 1054 Unknown column 'admin' in 'where clause'
2024-03-11;16:01:47;/Applications/XAMPP/xamppfiles/htdocs/myProjects/PV/src/Model/UsersModel.php <br />line: 22;SQLSTATE[42S22]: Column not found: 1054 Unknown column 'user' in 'where clause'
2024-03-12;21:51:41;/Applications/XAMPP/xamppfiles/htdocs/myProjects/PV/src/Model/UsersModel.php <br />line: 92;SQLSTATE[42S22]: Column not found: 1054 Unknown column 'admin' in 'field list'
2024-03-12;21:53:22;/Applications/XAMPP/xamppfiles/htdocs/myProjects/PV/src/Model/UsersModel.php <br />line: 92;SQLSTATE[42S22]: Column not found: 1054 Unknown column 'admin' in 'field list'
2024-03-12;21:53:41;/Applications/XAMPP/xamppfiles/htdocs/myProjects/PV/src/Model/UsersModel.php <br />line: 92;SQLSTATE[42000]: Syntax error or access violation: 1064 You have an error in your SQL syntax; check the manual that corresponds to your MariaDB server version for the right syntax to use near 'credentials)' at line 2
2024-03-12;21:53:47;/Applications/XAMPP/xamppfiles/htdocs/myProjects/PV/src/Model/UsersModel.php <br />line: 92;SQLSTATE[42000]: Syntax error or access violation: 1064 You have an error in your SQL syntax; check the manual that corresponds to your MariaDB server version for the right syntax to use near 'credentials)' at line 2
2024-03-12;21:53:53;/Applications/XAMPP/xamppfiles/htdocs/myProjects/PV/src/Model/UsersModel.php <br />line: 92;SQLSTATE[42S22]: Column not found: 1054 Unknown column 'user' in 'field list'
2024-03-12;21:55:07;/Applications/XAMPP/xamppfiles/htdocs/myProjects/PV/src/Model/UsersModel.php <br />line: 92;SQLSTATE[42S22]: Column not found: 1054 Unknown column 'admin' in 'field list'
2024-03-14;00:56:31;/Applications/XAMPP/xamppfiles/htdocs/myProjects/PV/src/Model/AbstractModel.php <br />line: 43;SQLSTATE[HY000] [1049] Unknown database 'pv1'
2024-03-14;00:56:32;/Applications/XAMPP/xamppfiles/htdocs/myProjects/PV/src/Model/AbstractModel.php <br />line: 43;SQLSTATE[HY000] [1049] Unknown database 'pv1'
2024-03-14;00:56:33;/Applications/XAMPP/xamppfiles/htdocs/myProjects/PV/src/Model/AbstractModel.php <br />line: 43;SQLSTATE[HY000] [1049] Unknown database 'pv1'
2024-03-14;00:56:35;/Applications/XAMPP/xamppfiles/htdocs/myProjects/PV/src/Model/AbstractModel.php <br />line: 43;SQLSTATE[HY000] [1049] Unknown database 'pv1'
2024-03-14;00:56:35;/Applications/XAMPP/xamppfiles/htdocs/myProjects/PV/src/Model/AbstractModel.php <br />line: 43;SQLSTATE[HY000] [1049] Unknown database 'pv1'
2024-03-14;14:39:52;/Applications/XAMPP/xamppfiles/htdocs/myProjects/PV/src/Model/PriceModel.php <br />line: 86;SQLSTATE[42000]: Syntax error or access violation: 1064 You have an error in your SQL syntax; check the manual that corresponds to your MariaDB server version for the right syntax to use near '' at line 2
2024-03-14;14:39:54;/Applications/XAMPP/xamppfiles/htdocs/myProjects/PV/src/Model/PriceModel.php <br />line: 22;SQLSTATE[42000]: Syntax error or access violation: 1064 You have an error in your SQL syntax; check the manual that corresponds to your MariaDB server version for the right syntax to use near 'ORDER BY hour ASC' at line 1
2024-03-14;14:39:55;/Applications/XAMPP/xamppfiles/htdocs/myProjects/PV/src/Model/PriceModel.php <br />line: 22;SQLSTATE[42000]: Syntax error or access violation: 1064 You have an error in your SQL syntax; check the manual that corresponds to your MariaDB server version for the right syntax to use near 'ORDER BY hour ASC' at line 1
2024-03-14;14:39:57;/Applications/XAMPP/xamppfiles/htdocs/myProjects/PV/src/Model/PriceModel.php <br />line: 22;SQLSTATE[42000]: Syntax error or access violation: 1064 You have an error in your SQL syntax; check the manual that corresponds to your MariaDB server version for the right syntax to use near 'ORDER BY hour ASC' at line 1
2024-03-14;14:39:58;/Applications/XAMPP/xamppfiles/htdocs/myProjects/PV/src/Model/PriceModel.php <br />line: 22;SQLSTATE[42000]: Syntax error or access violation: 1064 You have an error in your SQL syntax; check the manual that corresponds to your MariaDB server version for the right syntax to use near 'ORDER BY hour ASC' at line 1
2024-03-14;14:40:21;/Applications/XAMPP/xamppfiles/htdocs/myProjects/PV/src/Model/PriceModel.php <br />line: 86;SQLSTATE[42000]: Syntax error or access violation: 1064 You have an error in your SQL syntax; check the manual that corresponds to your MariaDB server version for the right syntax to use near '' at line 2
2024-03-14;14:41:29;/Applications/XAMPP/xamppfiles/htdocs/myProjects/PV/src/Model/PriceModel.php <br />line: 86;SQLSTATE[42000]: Syntax error or access violation: 1064 You have an error in your SQL syntax; check the manual that corresponds to your MariaDB server version for the right syntax to use near '' at line 2
2024-03-14;14:41:30;/Applications/XAMPP/xamppfiles/htdocs/myProjects/PV/src/Model/PriceModel.php <br />line: 86;SQLSTATE[42000]: Syntax error or access violation: 1064 You have an error in your SQL syntax; check the manual that corresponds to your MariaDB server version for the right syntax to use near '' at line 2
2024-03-14;14:44:39;/Applications/XAMPP/xamppfiles/htdocs/myProjects/PV/src/Model/PriceModel.php <br />line: 86;SQLSTATE[42000]: Syntax error or access violation: 1064 You have an error in your SQL syntax; check the manual that corresponds to your MariaDB server version for the right syntax to use near '' at line 2
2024-03-14;14:44:40;/Applications/XAMPP/xamppfiles/htdocs/myProjects/PV/src/Model/PriceModel.php <br />line: 22;SQLSTATE[42000]: Syntax error or access violation: 1064 You have an error in your SQL syntax; check the manual that corresponds to your MariaDB server version for the right syntax to use near 'ORDER BY hour ASC' at line 1
2024-03-14;14:44:40;/Applications/XAMPP/xamppfiles/htdocs/myProjects/PV/src/Model/PriceModel.php <br />line: 86;SQLSTATE[42000]: Syntax error or access violation: 1064 You have an error in your SQL syntax; check the manual that corresponds to your MariaDB server version for the right syntax to use near '' at line 2
2024-03-14;14:44:45;/Applications/XAMPP/xamppfiles/htdocs/myProjects/PV/src/Model/PriceModel.php <br />line: 86;SQLSTATE[42000]: Syntax error or access violation: 1064 You have an error in your SQL syntax; check the manual that corresponds to your MariaDB server version for the right syntax to use near '' at line 2
2024-03-14;20:59:38;/Applications/XAMPP/xamppfiles/htdocs/myProjects/PV/src/Model/AbstractModel.php <br />line: 88;SQLSTATE[42S02]: Base table or view not found: 1146 Table 'pv.applogs' doesn't exist
2024-03-14;20:59:43;/Applications/XAMPP/xamppfiles/htdocs/myProjects/PV/src/Model/AbstractModel.php <br />line: 88;SQLSTATE[42S02]: Base table or view not found: 1146 Table 'pv.applogs' doesn't exist
